// Jest Snapshot v1, https://goo.gl/fbAQLP

exports[`DropdownAlert component Snapshots expect to render 1`] = `
<ForwardRef(AnimatedComponentWrapper)
  onMoveShouldSetResponder={[Function]}
  onMoveShouldSetResponderCapture={[Function]}
  onResponderEnd={[Function]}
  onResponderGrant={[Function]}
  onResponderMove={[Function]}
  onResponderReject={[Function]}
  onResponderRelease={[Function]}
  onResponderStart={[Function]}
  onResponderTerminate={[Function]}
  onResponderTerminationRequest={[Function]}
  onStartShouldSetResponder={[Function]}
  onStartShouldSetResponderCapture={[Function]}
  style={
    Array [
      Object {
        "elevation": 1,
        "left": 0,
        "position": "absolute",
        "right": 0,
        "top": 0,
        "transform": Array [
          Object {
            "translateY": -100,
          },
        ],
      },
      null,
    ]
  }
>
  <TouchableOpacity
    accessible={false}
    activeOpacity={0.95}
    disabled={false}
    onLayout={[Function]}
    onPress={[Function]}
  >
    <View
      style={
        Array [
          Object {
            "flexDirection": "row",
            "padding": 8,
          },
          Object {
            "backgroundColor": "#202020",
            "flexDirection": "row",
          },
        ]
      }
    >
      <ForwardRef(SafeAreaView)
        style={
          Object {
            "flex": 1,
            "flexDirection": "row",
          }
        }
      >
        <View
          style={
            Object {
              "flex": 1,
              "padding": 8,
            }
          }
        />
      </ForwardRef(SafeAreaView)>
    </View>
  </TouchableOpacity>
</ForwardRef(AnimatedComponentWrapper)>
`;
